5 6 7 2, 5 8 9 2, ten
5 7 2, 5 10 2, six
5 6 1 2, 5 1 9 2, someword
5 1 2, 5 7 7 2, x